// Jest Snapshot v1, https://goo.gl/fbAQLP

exports[`Should render About correctly 1`] = `
Array [
  <header
    className="header"
  >
    <h1>
      Magic Magicians
    </h1>
    <nav>
      <ul>
        <li>
          <a
            className="link"
            href="/"
            onClick={[Function]}
          >
            Home
          </a>
        </li>
        <li>
          <a
            className="link"
            href="/calculator"
            onClick={[Function]}
          >
            Calculator
          </a>
        </li>
        <li>
          <a
            className="link"
            href="/about"
            onClick={[Function]}
          >
            About
          </a>
        </li>
      </ul>
    </nav>
  </header>,
  <article
    className="about"
  >
    <p>
      Mathematics is not about numbers, equation, computations or alogithms: It is about understanding.-William Paul Thurston
    </p>
  </article>,
]
`;
