// Jest Snapshot v1, https://goo.gl/fbAQLP

exports[`Render correctly 1`] = `
Array [
  <header
    className="header"
  >
    <h1>
      Magic Magicians
    </h1>
    <nav>
      <ul>
        <li>
          <a
            className="link"
            href="/"
            onClick={[Function]}
          >
            Home
          </a>
        </li>
        <li>
          <a
            className="link"
            href="/calculator"
            onClick={[Function]}
          >
            Calculator
          </a>
        </li>
        <li>
          <a
            className="link"
            href="/about"
            onClick={[Function]}
          >
            About
          </a>
        </li>
      </ul>
    </nav>
  </header>,
  <main
    className="home"
  >
    <h2>
      Welcome to our page!
    </h2>
    <article>
      <p>
        Lorem ipsum dolor sit amet consectetur adipisicing elit. Rem labore laboriosam, corporis ipsam, tenetur accusantium amet nemo architecto quas sed sint est cumque dicta itaque voluptatibus numquam mollitia vel assumenda.
      </p>
      <p>
        Lorem ipsum dolor sit amet consectetur adipisicing elit. Ducimus accusantium natus obcaecati rerum est error, incidunt dignissimos, quia ut perspiciatis animi eius delectus neque alias soluta quisquam aut culpa ratione.
      </p>
    </article>
  </main>,
]
`;
